V3 46
FL /home/student1/lalayoub/COE758_F2025/Project2_Modular/Project2/ClockDivider.vhd 2025/11/06.13:56:47 O.87xd
FL /home/student1/lalayoub/COE758_F2025/Project2_Modular/Project2/GameLogic.vhd 2025/11/06.13:56:47 O.87xd
FL /home/student1/lalayoub/COE758_F2025/Project2_Modular/Project2/PONG.vhd 2025/11/06.13:56:47 O.87xd
FL /home/student1/lalayoub/COE758_F2025/Project2_Modular/Project2/Renderer.vhd 2025/11/06.13:56:47 O.87xd
FL /home/student1/lalayoub/COE758_F2025/Project2_Modular/Project2/VGATimingGen.vhd 2025/11/06.13:56:47 O.87xd
FL /home/student1/pkarunak/Desktop/Project2_Modular/Project2/ClockDivider.vhd 2025/11/06.10:56:46 O.87xd
FL /home/student1/pkarunak/Desktop/Project2_Modular/Project2/GameLogic.vhd 2025/11/12.16:37:50 O.87xd
FL /home/student1/pkarunak/Desktop/Project2_Modular/Project2/ipcore_dir/icon.vhd 2025/11/12.15:32:54 O.87xd
FL /home/student1/pkarunak/Desktop/Project2_Modular/Project2/ipcore_dir/ila.vhd 2025/11/12.15:49:19 O.87xd
FL /home/student1/pkarunak/Desktop/Project2_Modular/Project2/PONG.vhd 2025/11/12.15:52:46 O.87xd
FL /home/student1/pkarunak/Desktop/Project2_Modular/Project2/Renderer.vhd 2025/11/06.10:56:46 O.87xd
FL /home/student1/pkarunak/Desktop/Project2_Modular/Project2/VGATimingGen.vhd 2025/11/06.10:56:46 O.87xd
FL /home/student1/rakarim/Desktop/Project2/Project2/ClockDivider.vhd 2025/11/06.10:56:46 O.87xd
EN work/ClockDivider 1763495659 \
      FL /home/student1/rakarim/Desktop/Project2/Project2/ClockDivider.vhd \
      PB ieee/std_logic_1164 1325952872
AR work/ClockDivider/Behavioral 1763495660 \
      FL /home/student1/rakarim/Desktop/Project2/Project2/ClockDivider.vhd \
      EN work/ClockDivider 1763495659
FL /home/student1/rakarim/Desktop/Project2/Project2/GameLogic.vhd 2025/11/15.18:02:53 O.87xd
EN work/GameLogic 1763495663 \
      FL /home/student1/rakarim/Desktop/Project2/Project2/GameLogic.vhd \
      PB ieee/std_logic_1164 1325952872 PB ieee/std_logic_arith 1325952873 \
      PB ieee/STD_LOGIC_UNSIGNED 1325952875 PB ieee/NUMERIC_STD 1325952877
AR work/GameLogic/Behavioral 1763495664 \
      FL /home/student1/rakarim/Desktop/Project2/Project2/GameLogic.vhd \
      EN work/GameLogic 1763495663
FL /home/student1/rakarim/Desktop/Project2/Project2/ipcore_dir/icon.vhd 2025/11/12.15:32:54 O.87xd
EN work/icon 1763495655 \
      FL /home/student1/rakarim/Desktop/Project2/Project2/ipcore_dir/icon.vhd \
      PB ieee/std_logic_1164 1325952872
AR work/icon/icon_a 1763495656 \
      FL /home/student1/rakarim/Desktop/Project2/Project2/ipcore_dir/icon.vhd \
      EN work/icon 1763495655
FL /home/student1/rakarim/Desktop/Project2/Project2/ipcore_dir/ila.vhd 2025/11/17.17:25:50 O.87xd
EN work/ila 1763495657 \
      FL /home/student1/rakarim/Desktop/Project2/Project2/ipcore_dir/ila.vhd \
      PB ieee/std_logic_1164 1325952872
AR work/ila/ila_a 1763495658 \
      FL /home/student1/rakarim/Desktop/Project2/Project2/ipcore_dir/ila.vhd \
      EN work/ila 1763495657
FL /home/student1/rakarim/Desktop/Project2/Project2/PONG.vhd 2025/11/18.14:53:57 O.87xd
AR work/PONG/Structural 1763495667 \
      FL /home/student1/rakarim/Desktop/Project2/Project2/PONG.vhd EN work/PONG 1763248164 \
      CP icon CP ila CP work/ClockDivider CP work/VGATimingGen CP work/GameLogic \
      CP work/Renderer
FL /home/student1/rakarim/Desktop/Project2/Project2/Renderer.vhd 2025/11/15.18:03:23 O.87xd
EN work/Renderer 1763495665 \
      FL /home/student1/rakarim/Desktop/Project2/Project2/Renderer.vhd \
      PB ieee/std_logic_1164 1325952872 PB ieee/std_logic_arith 1325952873 \
      PB ieee/STD_LOGIC_UNSIGNED 1325952875 PB ieee/NUMERIC_STD 1325952877
AR work/Renderer/Behavioral 1763495666 \
      FL /home/student1/rakarim/Desktop/Project2/Project2/Renderer.vhd \
      EN work/Renderer 1763495665
FL /home/student1/rakarim/Desktop/Project2/Project2/VGATimingGen.vhd 2025/11/15.17:54:34 O.87xd
EN work/VGATimingGen 1763495661 \
      FL /home/student1/rakarim/Desktop/Project2/Project2/VGATimingGen.vhd \
      PB ieee/std_logic_1164 1325952872
AR work/VGATimingGen/Behavioral 1763495662 \
      FL /home/student1/rakarim/Desktop/Project2/Project2/VGATimingGen.vhd \
      EN work/VGATimingGen 1763495661
FL /home/student1/rakarim/Desktop/Project2_Modular/Project2/ClockDivider.vhd 2025/11/06.10:56:46 O.87xd
FL /home/student1/rakarim/Desktop/Project2_Modular/Project2/GameLogic.vhd 2025/11/15.18:02:53 O.87xd
FL /home/student1/rakarim/Desktop/Project2_Modular/Project2/ipcore_dir/icon.vhd 2025/11/12.15:32:54 O.87xd
FL /home/student1/rakarim/Desktop/Project2_Modular/Project2/ipcore_dir/ila.vhd 2025/11/12.15:49:19 O.87xd
FL /home/student1/rakarim/Desktop/Project2_Modular/Project2/PONG.vhd 2025/11/15.18:08:26 O.87xd
FL /home/student1/rakarim/Desktop/Project2_Modular/Project2/Renderer.vhd 2025/11/15.18:03:23 O.87xd
FL /home/student1/rakarim/Desktop/Project2_Modular/Project2/VGATimingGen.vhd 2025/11/15.17:54:34 O.87xd
